## index of replication (iRep) - thresholds: min cov. = 5, min wins. = 0.98, min r^2 = 0.9, max fragments/Mbp = 175, GC correction min r^2 = 0.0
# genome	plugins/ReplicationRates/example/l_gasseri.fna-vs-l_gasseri_sample1-shrunk.sam	plugins/ReplicationRates/example/l_gasseri.fna-vs-l_gasseri_sample2-shrunk.sam
plugins/ReplicationRates/example/l_gasseri.fna	1.9065592157251499	2.3611375142093776
#
## un-filtered index of replication (iRep)
# genome	plugins/ReplicationRates/example/l_gasseri.fna-vs-l_gasseri_sample1-shrunk.sam	plugins/ReplicationRates/example/l_gasseri.fna-vs-l_gasseri_sample2-shrunk.sam
plugins/ReplicationRates/example/l_gasseri.fna	1.9065592157251499	2.3611375142093776
#
## raw index of replication (no GC bias correction)
# genome	plugins/ReplicationRates/example/l_gasseri.fna-vs-l_gasseri_sample1-shrunk.sam	plugins/ReplicationRates/example/l_gasseri.fna-vs-l_gasseri_sample2-shrunk.sam
plugins/ReplicationRates/example/l_gasseri.fna	1.9181206042659673	2.3800848593739454
#
## r^2
# genome	plugins/ReplicationRates/example/l_gasseri.fna-vs-l_gasseri_sample1-shrunk.sam	plugins/ReplicationRates/example/l_gasseri.fna-vs-l_gasseri_sample2-shrunk.sam
plugins/ReplicationRates/example/l_gasseri.fna	0.998899650871722	0.9942789514918713
#
## coverage
# genome	plugins/ReplicationRates/example/l_gasseri.fna-vs-l_gasseri_sample1-shrunk.sam	plugins/ReplicationRates/example/l_gasseri.fna-vs-l_gasseri_sample2-shrunk.sam
plugins/ReplicationRates/example/l_gasseri.fna	9.352049457279216	8.93781095577987
#
## % windows passing filter
# genome	plugins/ReplicationRates/example/l_gasseri.fna-vs-l_gasseri_sample1-shrunk.sam	plugins/ReplicationRates/example/l_gasseri.fna-vs-l_gasseri_sample2-shrunk.sam
plugins/ReplicationRates/example/l_gasseri.fna	100.00	100.00
#
## fragments/Mbp
# genome	plugins/ReplicationRates/example/l_gasseri.fna-vs-l_gasseri_sample1-shrunk.sam	plugins/ReplicationRates/example/l_gasseri.fna-vs-l_gasseri_sample2-shrunk.sam
plugins/ReplicationRates/example/l_gasseri.fna	1	1
#
## GC bias
# genome	plugins/ReplicationRates/example/l_gasseri.fna-vs-l_gasseri_sample1-shrunk.sam	plugins/ReplicationRates/example/l_gasseri.fna-vs-l_gasseri_sample2-shrunk.sam
plugins/ReplicationRates/example/l_gasseri.fna	0.06200622152760537	0.0008166227201325279
#
## GC r^2
# genome	plugins/ReplicationRates/example/l_gasseri.fna-vs-l_gasseri_sample1-shrunk.sam	plugins/ReplicationRates/example/l_gasseri.fna-vs-l_gasseri_sample2-shrunk.sam
plugins/ReplicationRates/example/l_gasseri.fna	0.009408843274407386	0.00043387469571087856
#
